sfu_boot.c:1432:13:SFU_BOOT_SM_HandleCriticalFailure	8	static
sfu_boot.c:1228:13:SFU_BOOT_SM_ResumeInstallNewUserFw	8	static
sfu_boot.c:1253:13:SFU_BOOT_SM_VerifyUserFwSignature	16	static
sfu_boot.c:1165:13:SFU_BOOT_SM_InstallNewUserFw	16	static
sfu_boot.c:778:13:SFU_BOOT_SM_InstallKMSBlob	24	static
sfu_boot.c:746:13:SFU_BOOT_SM_CheckKMSBlobToInstall	8	static
sfu_boot.c:1081:13:SFU_BOOT_SM_DownloadNewUserFw	1992	static
sfu_boot.c:697:13:SFU_BOOT_SM_CheckNewFwToDownload	8	static
sfu_boot.c:501:24:SFU_BOOT_DeInit	16	static
sfu_boot.c:1599:24:SFU_BOOT_SetLastExecStatus	40	static
sfu_boot.c:893:13:SFU_BOOT_SM_CheckUserFwStatus	16	static
sfu_boot.c:634:13:SFU_BOOT_SM_CheckStatusOnReset	72	static
sfu_boot.c:369:6:SFU_BOOT_ForceReboot	8	static,ignoring_inline_asm
sfu_boot.c:1451:13:SFU_BOOT_SM_RebootStateMachine	8	static
sfu_boot.c:1347:13:SFU_BOOT_SM_ExecuteUserFw	24	static
sfu_boot.c:302:27:SFU_BOOT_RunSecureBootService	24	static
sfu_boot.c:1919:6:HAL_RTCEx_Tamper2EventCallback	0	static
sfu_boot.c:1930:6:MemManage_Handler	0	static
sfu_boot.c:1941:6:HardFault_Handler	0	static
